1. An instance of the class `IIlIlllIII` is created in the unittest method `lIll`.
2. The method `llIIlIlII` is called with the string `'1+2*3'`.
3. In `llIIlIlII`, an empty list `lllllIllIlIll` and an empty list `IIlIIIIlIllIII` are initialized. 
4. The method iterates through the characters of the input string `'1+2*3'`:
  - Encounters `'1'`, which is a digit, so it gets appended to `IIlIIlIllI`.
  - Encounters `'+'`, a non-digit:
    - `IIlIIlIllI` contains `'1'`, which is cast to float and appended to `lllllIllIlIll`, resulting in `[1.0]`.
    - `IIlIIlIllI` is reset to an empty string.
    - `'+'` is appended to `IIlIIIIlIllIII`.
  - Encounters `'2'`, which is a digit, appended to `IIlIIlIllI`.
  - Encounters `'*'`, a non-digit:
    - `IIlIIlIllI` contains `'2'`, cast to float and appended to `lllllIllIlIll`, updating it to `[1.0, 2.0]`.
    - `IIlIIlIllI` is reset to an empty string.
    - Checks the precedence of `'+'` (previous operator) and `'*'`. Since the precedence of `'*'` is higher (2 > 1), no operations are popped from `IIlIIIIlIllIII`.
    - `'*'` is appended to `IIlIIIIlIllIII`.
  - Encounters `'3'`, which is a digit:
    - It is appended to `IIlIIlIllI`.
5. End of string:
  - `IIlIIlIllI` contains `'3'`, cast to float and appended to `lllllIllIlIll`, updating it to `[1.0, 2.0, 3.0]`.
6. Remaining operators in `IIlIIIIlIllIII` get processed:
  - '*' is popped:
    - Operands `3.0` and `2.0` are popped from `lllllIllIlIll`.
    - Operation `2.0 * 3.0` is performed, resulting in `6.0`.
    - Result `6.0` is appended to `lllllIllIlIll`, updating it to `[1.0, 6.0]`.
  - '+' is popped:
    - Operands `6.0` and `1.0` are popped from `lllllIllIlIll`.
    - Operation `1.0 + 6.0` is performed, resulting in `7.0`.
    - Result `7.0` is appended to `lllllIllIlIll`.
7. The final result `[7.0]` contains one element `7.0`.
Therefore, the final computed output is `7.0`.
